<html>
<body>
<pre>
<h1>礦ision Build Log</h1>
<h2>Project:</h2>
C:\Documents and Settings\Administrator\桌面\ModbusRunM0_V0-我自己的板子修改程序的\ModbusRunM0_V0-master\ModbusRunM0\SDK\Modbus.uvproj
Project File Date:  09/09/2016

<h2>Output:</h2>
Build target 'Modbus'
linking...
Program Size: Code=7468 RO-data=1360 RW-data=280 ZI-data=1408  
FromELF: creating hex file...
".\obj\Modbus.axf" - 0 Error(s), 0 Warning(s).
Build target 'Modbus'
compiling main.c...
Project build/rebuild aborted.
Target not created
Build target 'Modbus'
compiling main.c...
compiling port.c...
compiling portevent.c...
compiling portserial.c...
compiling porttimer.c...
compiling user_mb_app.c...
compiling mbcrc.c...
..\freemodbus-v1.6.0\modbus\rtu\mbcrc.c(142): warning:  #1-D: last line of file ends without a newline
..\freemodbus-v1.6.0\modbus\rtu\mbcrc.c:   }
..\freemodbus-v1.6.0\modbus\rtu\mbcrc.c:    ^
..\freemodbus-v1.6.0\modbus\rtu\mbcrc.c: ..\freemodbus-v1.6.0\modbus\rtu\mbcrc.c: 1 warning, 0 errors
Project build/rebuild aborted.
Target not created
Build target 'Modbus'
linking...
Program Size: Code=7468 RO-data=1360 RW-data=280 ZI-data=1408  
FromELF: creating hex file...
".\obj\Modbus.axf" - 0 Error(s), 0 Warning(s).
